Startpoint: _263_ (rising edge-triggered flip-flop clocked by clk)
Endpoint: _263_ (rising edge-triggered flip-flop clocked by clk)
Path Group: clk
Path Type: min

  Delay    Time   Description
---------------------------------------------------------
   0.00    0.00   clock clk (rise edge)
   0.00    0.00   clock network delay (ideal)
   0.00    0.00 ^ _263_/CLK (sky130_fd_sc_hd__dfrtp_1)
   0.30    0.30 ^ _263_/Q (sky130_fd_sc_hd__dfrtp_1)
   0.11    0.41 ^ _191_/X (sky130_fd_sc_hd__mux2_1)
   0.00    0.41 ^ _263_/D (sky130_fd_sc_hd__dfrtp_1)
           0.41   data arrival time

   0.00    0.00   clock clk (rise edge)
   0.00    0.00   clock network delay (ideal)
   0.10    0.10   clock uncertainty
   0.00    0.10   clock reconvergence pessimism
           0.10 ^ _263_/CLK (sky130_fd_sc_hd__dfrtp_1)
  -0.04    0.06   library hold time
           0.06   data required time
---------------------------------------------------------
           0.06   data required time
          -0.41   data arrival time
---------------------------------------------------------
           0.35   slack (MET)


